../Core/Src/aocs.c:64:26:aocs_config_gnss	80	static
../Core/Src/aocs.c:112:26:aocs_config_magnetometer	16	static
../Core/Src/aocs.c:130:26:aocs_config_imu	16	static
../Core/Src/aocs.c:146:26:aocs_config_altimeter	16	static
../Core/Src/aocs.c:163:26:aocs_config_temp	40	static
../Core/Src/aocs.c:198:26:aocs_get_gnss	8	static
../Core/Src/aocs.c:208:26:aocs_get_mag	24	static
../Core/Src/aocs.c:227:26:aocs_get_imu	24	static
../Core/Src/aocs.c:253:26:aocs_get_accel	24	static
../Core/Src/aocs.c:270:26:aocs_get_gyro	24	static
../Core/Src/aocs.c:286:26:aocs_get_altimeter	8	static
../Core/Src/aocs.c:298:26:aocs_get_temp	8	static
../Core/Src/aocs.c:321:26:aocs_get_pubx	312	static
