../Core/Inc/bus_packet.h:129:23:bus_packet_GetLength	16	static
../Core/Src/intelli.c:62:20:float2bytes	24	static
../Core/Src/intelli.c:92:20:u16t2bytes	16	static
../Core/Src/intelli.c:105:19:set_time	16	static
../Core/Src/intelli.c:120:19:get_time	24	static
../Core/Src/intelli.c:135:9:dataRequired2bytes	24	static
../Core/Src/intelli.c:227:6:check_status	8	static
../Core/Src/intelli.c:247:19:send_TM	8	static
../Core/Src/intelli.c:257:19:send_programmed_TM	24	static
../Core/Src/intelli.c:285:19:send_data_saving	24	static
../Core/Src/intelli.c:313:19:send_ack	32	static
../Core/Src/intelli.c:330:19:send_nack	32	static
../Core/Src/intelli.c:352:6:intelliOBC_TC	32	static,ignoring_inline_asm
../Core/Src/intelli.c:464:6:intelliOBC_TM	16	static
