../Core/Src/RT_ds18b20.c:37:13:delayMicro	16	static
../Core/Src/RT_ds18b20.c:57:6:_write_Bit	16	static
../Core/Src/RT_ds18b20.c:75:7:_read_Bit	24	static
../Core/Src/RT_ds18b20.c:97:6:_write_Byte	24	static
../Core/Src/RT_ds18b20.c:119:9:_read_Byte	24	static
../Core/Src/RT_ds18b20.c:145:19:DS18B20_Reset_CMD	24	static
../Core/Src/RT_ds18b20.c:159:6:DS18B20_ReadROM_CMD	32	static
../Core/Src/RT_ds18b20.c:183:6:DS18B20_MatchROM_CMD	24	static
../Core/Src/RT_ds18b20.c:206:19:DS18B20_ConvertT_CMD	24	static
../Core/Src/RT_ds18b20.c:233:19:DS18B20_ReadScratchpad_CMD	40	static
../Core/Src/RT_ds18b20.c:257:6:DS18B20_WriteScratchpad_CMD	16	static
../Core/Src/RT_ds18b20.c:275:6:DS18B20_SearchROM_CMD	24	static
../Core/Src/RT_ds18b20.c:289:6:DS18B20_SkipROM_CMD	16	static
../Core/Src/RT_ds18b20.c:302:6:DS18B20_CopyScratchpad_CMD	16	static
../Core/Src/RT_ds18b20.c:315:6:DS18B20_RecallE2_CMD	16	static
../Core/Src/RT_ds18b20.c:339:19:DS18B20_SetResolution	40	static
../Core/Src/RT_ds18b20.c:364:7:DS18B20_Decode_Temperature	40	static
../Core/Src/RT_ds18b20.c:394:7:DS18B20_ConvertRead_Temp	32	static
../Core/Src/RT_ds18b20.c:421:19:DS18B20_All_Convert	16	static
../Core/Src/RT_ds18b20.c:440:7:DS18B20_Read_Temp	32	static
