../Core/Src/stm32l4xx_it.c:76:6:NMI_Handler	4	static
../Core/Src/stm32l4xx_it.c:91:6:HardFault_Handler	4	static
../Core/Src/stm32l4xx_it.c:106:6:MemManage_Handler	4	static
../Core/Src/stm32l4xx_it.c:121:6:BusFault_Handler	4	static
../Core/Src/stm32l4xx_it.c:136:6:UsageFault_Handler	4	static
../Core/Src/stm32l4xx_it.c:151:6:SVC_Handler	4	static
../Core/Src/stm32l4xx_it.c:164:6:DebugMon_Handler	4	static
../Core/Src/stm32l4xx_it.c:177:6:PendSV_Handler	4	static
../Core/Src/stm32l4xx_it.c:190:6:SysTick_Handler	8	static
../Core/Src/stm32l4xx_it.c:211:6:EXTI0_IRQHandler	8	static
../Core/Src/stm32l4xx_it.c:225:6:DMA1_Channel3_IRQHandler	8	static
../Core/Src/stm32l4xx_it.c:239:6:DMA1_Channel4_IRQHandler	8	static
../Core/Src/stm32l4xx_it.c:253:6:EXTI9_5_IRQHandler	8	static
../Core/Src/stm32l4xx_it.c:269:6:TIM1_UP_TIM16_IRQHandler	8	static
../Core/Src/stm32l4xx_it.c:283:6:USART1_IRQHandler	8	static
../Core/Src/stm32l4xx_it.c:297:6:USART3_IRQHandler	8	static
../Core/Src/stm32l4xx_it.c:311:6:EXTI15_10_IRQHandler	8	static
../Core/Src/stm32l4xx_it.c:326:6:TIM7_IRQHandler	8	static
../Core/Src/stm32l4xx_it.c:340:6:DMA2_Channel6_IRQHandler	8	static
../Core/Src/stm32l4xx_it.c:354:6:LPUART1_IRQHandler	8	static
